// Jest Snapshot v1, https://goo.gl/fbAQLP

exports[`SearchBar renders without crashing 1`] = `
<div
  className="CategoryBar"
>
  <ul
    className="CategoryBar__List"
  >
    <li
      className="CategoryBar__List__Category CategoryBar__List__Category--Selected"
      onClick={[Function]}
    >
      Category 1
    </li>
    <li
      className="CategoryBar__List__Category"
      onClick={[Function]}
    >
      Category 2
    </li>
    <li
      className="CategoryBar__List__Category"
      onClick={[Function]}
    >
      Category 3
    </li>
    <li
      className="CategoryBar__List__Category"
      onClick={[Function]}
    >
      Category 4
    </li>
    <li
      className="CategoryBar__List__Category"
      onClick={[Function]}
    >
      Category 5
    </li>
    <li
      className="CategoryBar__List__Category"
      onClick={[Function]}
    >
      Category 6
    </li>
    <li
      className="CategoryBar__List__Category"
      onClick={[Function]}
    >
      Category 7
    </li>
    <li
      className="CategoryBar__List__Category"
      onClick={[Function]}
    >
      Category 8
    </li>
  </ul>
</div>
`;
